e:\faculty_stuff\courses\c++\2024\sim\with_gui\imgui-docking (1)\imgui-docking\examples\example_win32_directx11\release\vc143.pdb
e:\faculty_stuff\courses\c++\2024\sim\with_gui\imgui-docking (1)\imgui-docking\examples\example_win32_directx11\release\sim.obj
e:\faculty_stuff\courses\c++\2024\sim\with_gui\imgui-docking (1)\imgui-docking\examples\example_win32_directx11\release\main.obj
e:\faculty_stuff\courses\c++\2024\sim\with_gui\imgui-docking (1)\imgui-docking\examples\example_win32_directx11\release\implot_items.obj
e:\faculty_stuff\courses\c++\2024\sim\with_gui\imgui-docking (1)\imgui-docking\examples\example_win32_directx11\release\implot_demo.obj
e:\faculty_stuff\courses\c++\2024\sim\with_gui\imgui-docking (1)\imgui-docking\examples\example_win32_directx11\release\implot.obj
e:\faculty_stuff\courses\c++\2024\sim\with_gui\imgui-docking (1)\imgui-docking\examples\example_win32_directx11\release\imgui_impl_win32.obj
e:\faculty_stuff\courses\c++\2024\sim\with_gui\imgui-docking (1)\imgui-docking\examples\example_win32_directx11\release\imgui_impl_dx11.obj
e:\faculty_stuff\courses\c++\2024\sim\with_gui\imgui-docking (1)\imgui-docking\examples\example_win32_directx11\release\imgui_widgets.obj
e:\faculty_stuff\courses\c++\2024\sim\with_gui\imgui-docking (1)\imgui-docking\examples\example_win32_directx11\release\imgui_tables.obj
e:\faculty_stuff\courses\c++\2024\sim\with_gui\imgui-docking (1)\imgui-docking\examples\example_win32_directx11\release\imgui_draw.obj
e:\faculty_stuff\courses\c++\2024\sim\with_gui\imgui-docking (1)\imgui-docking\examples\example_win32_directx11\release\imgui_demo.obj
e:\faculty_stuff\courses\c++\2024\sim\with_gui\imgui-docking (1)\imgui-docking\examples\example_win32_directx11\release\imgui.obj
e:\faculty_stuff\courses\c++\2024\sim\with_gui\imgui-docking (1)\imgui-docking\examples\example_win32_directx11\release\example_win32_directx11.exe
e:\faculty_stuff\courses\c++\2024\sim\with_gui\imgui-docking (1)\imgui-docking\examples\example_win32_directx11\release\example_win32_directx11.pdb
e:\faculty_stuff\courses\c++\2024\sim\with_gui\imgui-docking (1)\imgui-docking\examples\example_win32_directx11\release\example_win32_directx11.lib
e:\faculty_stuff\courses\c++\2024\sim\with_gui\imgui-docking (1)\imgui-docking\examples\example_win32_directx11\release\example_win32_directx11.exp
e:\faculty_stuff\courses\c++\2024\sim\with_gui\imgui-docking (1)\imgui-docking\examples\example_win32_directx11\release\example_win32_directx11.ipdb
e:\faculty_stuff\courses\c++\2024\sim\with_gui\imgui-docking (1)\imgui-docking\examples\example_win32_directx11\release\example_win32_directx11.iobj
e:\faculty_stuff\courses\c++\2024\sim\with_gui\imgui-docking (1)\imgui-docking\examples\example_win32_directx11\release\example_win32_directx11.vcxproj.filelistabsolute.txt
e:\faculty_stuff\courses\c++\2024\sim\with_gui\imgui-docking (1)\imgui-docking\examples\example_win32_directx11\release\example_.9f316e83.tlog\cl.command.1.tlog
e:\faculty_stuff\courses\c++\2024\sim\with_gui\imgui-docking (1)\imgui-docking\examples\example_win32_directx11\release\example_.9f316e83.tlog\cl.items.tlog
e:\faculty_stuff\courses\c++\2024\sim\with_gui\imgui-docking (1)\imgui-docking\examples\example_win32_directx11\release\example_.9f316e83.tlog\cl.read.1.tlog
e:\faculty_stuff\courses\c++\2024\sim\with_gui\imgui-docking (1)\imgui-docking\examples\example_win32_directx11\release\example_.9f316e83.tlog\cl.write.1.tlog
e:\faculty_stuff\courses\c++\2024\sim\with_gui\imgui-docking (1)\imgui-docking\examples\example_win32_directx11\release\example_.9f316e83.tlog\link.command.1.tlog
e:\faculty_stuff\courses\c++\2024\sim\with_gui\imgui-docking (1)\imgui-docking\examples\example_win32_directx11\release\example_.9f316e83.tlog\link.read.1.tlog
e:\faculty_stuff\courses\c++\2024\sim\with_gui\imgui-docking (1)\imgui-docking\examples\example_win32_directx11\release\example_.9f316e83.tlog\link.secondary.1.tlog
e:\faculty_stuff\courses\c++\2024\sim\with_gui\imgui-docking (1)\imgui-docking\examples\example_win32_directx11\release\example_.9f316e83.tlog\link.write.1.tlog
